2026-05-27 22:00:07,145 - main - INFO - File saved to local storage: 1_test.txt
2026-05-27 22:00:07,150 - main - INFO - Upload skipped: test.txt matches existing 1_test.txt
2026-05-27 22:00:07,180 - main - WARNING - Upload rejected: quota overflow for large.txt
2026-05-27 22:00:07,200 - main - WARNING - Upload rejected: 3 files exceed limit of 2
2026-05-27 22:00:07,234 - main - INFO - File saved to local storage: 1_visible-name.txt
2026-05-27 22:00:07,255 - main - WARNING - Upload rejected: virus.exe - File type .exe is not allowed
2026-05-27 22:00:07,279 - main - WARNING - Upload rejected: noextension - File has no extension
2026-05-27 22:00:07,301 - main - WARNING - Upload rejected: ../../../etc/passwd - File extension ./etc/passwd not in allowed list
2026-05-27 22:00:07,331 - main - INFO - File saved to local storage: 1_empty.txt
2026-05-27 22:00:07,389 - main - WARNING - Download attempt for non-existent file: nonexistent.txt
2026-05-27 22:00:07,411 - main - WARNING - Recipient access attempt for invalid identifier: invalid_token_xyz
2026-05-27 22:00:07,436 - main - WARNING - Upload attempt with no file part
2026-05-27 22:00:07,480 - main - INFO - File saved to local storage: 1_document.txt
2026-05-27 22:00:07,493 - main - INFO - File saved to local storage: 2_document.txt
2026-05-27 22:00:07,520 - main - INFO - File saved to local storage: 1_test-file.pdf
2026-05-27 22:00:07,528 - main - INFO - Recipient accessed file: OhUYoFYUNIbv3Mjo
2026-05-27 22:00:34,472 - main - INFO - [OK] Configuration validation passed
2026-05-27 22:00:34,476 - main - INFO - [OK] Rate limiter initialized
2026-05-27 22:00:34,479 - main - WARNING - [WARNING] DATABASE_URL set but psycopg2 not installed - using SQLite
2026-05-27 22:00:53,346 - main - INFO - [OK] Configuration validation passed
2026-05-27 22:00:53,346 - main - INFO - [OK] Rate limiter initialized
2026-05-27 22:00:53,435 - main - INFO - [OK] Database initialized
2026-05-27 22:00:53,453 - main - INFO - [OK] Database initialized
2026-05-27 22:00:53,471 - main - INFO - [OK] Database initialized
2026-05-27 22:00:53,512 - main - INFO - [OK] Database initialized
2026-05-27 22:00:53,579 - main - INFO - File saved to local storage: 1_test.txt
2026-05-27 22:00:53,588 - main - INFO - Upload skipped: test.txt matches existing 1_test.txt
2026-05-27 22:00:53,605 - main - INFO - [OK] Database initialized
2026-05-27 22:00:53,616 - main - WARNING - Upload rejected: quota overflow for large.txt
2026-05-27 22:00:53,636 - main - INFO - [OK] Database initialized
2026-05-27 22:00:53,640 - main - WARNING - Upload rejected: 3 files exceed limit of 2
2026-05-27 22:00:53,658 - main - INFO - [OK] Database initialized
2026-05-27 22:00:53,670 - main - INFO - File saved to local storage: 1_visible-name.txt
2026-05-27 22:00:53,691 - main - INFO - [OK] Database initialized
2026-05-27 22:00:53,697 - main - WARNING - Upload rejected: virus.exe - File type .exe is not allowed
2026-05-27 22:00:53,714 - main - INFO - [OK] Database initialized
2026-05-27 22:00:53,719 - main - WARNING - Upload rejected: noextension - File has no extension
2026-05-27 22:00:53,737 - main - INFO - [OK] Database initialized
2026-05-27 22:00:53,738 - main - WARNING - Upload rejected: ../../../etc/passwd - File extension ./etc/passwd not in allowed list
2026-05-27 22:00:53,761 - main - INFO - [OK] Database initialized
2026-05-27 22:00:53,772 - main - INFO - File saved to local storage: 1_empty.txt
2026-05-27 22:00:53,791 - main - INFO - [OK] Database initialized
2026-05-27 22:00:53,809 - main - INFO - [OK] Database initialized
2026-05-27 22:00:53,832 - main - INFO - [OK] Database initialized
2026-05-27 22:00:53,834 - main - WARNING - Download attempt for non-existent file: nonexistent.txt
2026-05-27 22:00:53,852 - main - INFO - [OK] Database initialized
2026-05-27 22:00:53,854 - main - WARNING - Recipient access attempt for invalid identifier: invalid_token_xyz
2026-05-27 22:00:53,876 - main - INFO - [OK] Database initialized
2026-05-27 22:00:53,878 - main - WARNING - Upload attempt with no file part
2026-05-27 22:00:53,896 - main - INFO - [OK] Database initialized
2026-05-27 22:00:53,914 - main - INFO - [OK] Database initialized
2026-05-27 22:00:53,927 - main - INFO - File saved to local storage: 1_document.txt
2026-05-27 22:00:53,937 - main - INFO - File saved to local storage: 2_document.txt
2026-05-27 22:00:53,955 - main - INFO - [OK] Database initialized
2026-05-27 22:00:53,961 - main - INFO - File saved to local storage: 1_test-file.pdf
2026-05-27 22:00:53,969 - main - INFO - Recipient accessed file: 7pB7mg8lsKiXGmUc
2026-05-27 22:06:04,803 - main - INFO - [OK] Configuration validation passed
2026-05-27 22:06:04,803 - main - INFO - [OK] Rate limiter initialized
2026-05-27 22:06:04,908 - main - INFO - [OK] Database initialized
2026-05-27 22:06:04,927 - main - INFO - [OK] Database initialized
2026-05-27 22:06:04,944 - main - INFO - [OK] Database initialized
2026-05-27 22:06:04,983 - main - INFO - [OK] Database initialized
2026-05-27 22:06:05,079 - main - INFO - File saved to local storage: 1_test.txt
2026-05-27 22:06:05,085 - main - INFO - Upload skipped: test.txt matches existing 1_test.txt
2026-05-27 22:06:05,105 - main - INFO - [OK] Database initialized
2026-05-27 22:06:05,115 - main - WARNING - Upload rejected: quota overflow for large.txt
2026-05-27 22:06:05,139 - main - INFO - [OK] Database initialized
2026-05-27 22:06:05,142 - main - WARNING - Upload rejected: 3 files exceed limit of 2
2026-05-27 22:06:05,164 - main - INFO - [OK] Database initialized
2026-05-27 22:06:05,175 - main - INFO - File saved to local storage: 1_visible-name.txt
2026-05-27 22:06:05,196 - main - INFO - [OK] Database initialized
2026-05-27 22:06:05,200 - main - WARNING - Upload rejected: virus.exe - File type .exe is not allowed
2026-05-27 22:06:05,218 - main - INFO - [OK] Database initialized
2026-05-27 22:06:05,225 - main - WARNING - Upload rejected: noextension - File has no extension
2026-05-27 22:06:05,249 - main - INFO - [OK] Database initialized
2026-05-27 22:06:05,251 - main - WARNING - Upload rejected: ../../../etc/passwd - File extension ./etc/passwd not in allowed list
2026-05-27 22:06:05,272 - main - INFO - [OK] Database initialized
2026-05-27 22:06:05,280 - main - INFO - File saved to local storage: 1_empty.txt
2026-05-27 22:06:05,303 - main - INFO - [OK] Database initialized
2026-05-27 22:06:05,321 - main - INFO - [OK] Database initialized
2026-05-27 22:06:05,339 - main - INFO - [OK] Database initialized
2026-05-27 22:06:05,339 - main - WARNING - Download attempt for non-existent file: nonexistent.txt
2026-05-27 22:06:05,360 - main - INFO - [OK] Database initialized
2026-05-27 22:06:05,364 - main - WARNING - Recipient access attempt for invalid identifier: invalid_token_xyz
2026-05-27 22:06:05,382 - main - INFO - [OK] Database initialized
2026-05-27 22:06:05,384 - main - WARNING - Upload attempt with no file part
2026-05-27 22:06:05,403 - main - INFO - [OK] Database initialized
2026-05-27 22:06:05,424 - main - INFO - [OK] Database initialized
2026-05-27 22:06:05,430 - main - INFO - File saved to local storage: 1_document.txt
2026-05-27 22:06:05,451 - main - INFO - File saved to local storage: 2_document.txt
2026-05-27 22:06:05,473 - main - INFO - [OK] Database initialized
2026-05-27 22:06:05,485 - main - INFO - File saved to local storage: 1_test-file.pdf
2026-05-27 22:06:05,491 - main - INFO - Recipient accessed file: Xp0KFQt2HVhQMlPy
2026-05-27 22:06:47,378 - main - INFO - [OK] Configuration validation passed
2026-05-27 22:06:47,382 - main - INFO - [OK] Rate limiter initialized
2026-05-27 22:12:25,081 - main - INFO - [OK] Configuration validation passed
2026-05-27 22:12:25,081 - main - INFO - [OK] Rate limiter initialized
2026-05-27 22:12:25,160 - main - INFO - [OK] Database initialized
2026-05-27 22:12:25,178 - main - INFO - [OK] Database initialized
2026-05-27 22:12:25,194 - main - INFO - [OK] Database initialized
2026-05-27 22:12:25,231 - main - INFO - [OK] Database initialized
2026-05-27 22:12:25,285 - main - INFO - File saved to local storage: 1_test.txt
2026-05-27 22:12:25,289 - main - INFO - Upload skipped: test.txt matches existing 1_test.txt
2026-05-27 22:12:25,307 - main - INFO - [OK] Database initialized
2026-05-27 22:12:25,316 - main - WARNING - Upload rejected: quota overflow for large.txt
2026-05-27 22:12:25,338 - main - INFO - [OK] Database initialized
2026-05-27 22:12:25,340 - main - WARNING - Upload rejected: 3 files exceed limit of 2
2026-05-27 22:12:25,358 - main - INFO - [OK] Database initialized
2026-05-27 22:12:25,367 - main - INFO - File saved to local storage: 1_visible-name.txt
2026-05-27 22:12:25,388 - main - INFO - [OK] Database initialized
2026-05-27 22:12:25,388 - main - WARNING - Upload rejected: virus.exe - File type .exe is not allowed
2026-05-27 22:12:25,409 - main - INFO - [OK] Database initialized
2026-05-27 22:12:25,411 - main - WARNING - Upload rejected: noextension - File has no extension
2026-05-27 22:12:25,430 - main - INFO - [OK] Database initialized
2026-05-27 22:12:25,431 - main - WARNING - Upload rejected: ../../../etc/passwd - File extension ./etc/passwd not in allowed list
2026-05-27 22:12:25,449 - main - INFO - [OK] Database initialized
2026-05-27 22:12:25,461 - main - INFO - File saved to local storage: 1_empty.txt
2026-05-27 22:12:25,481 - main - INFO - [OK] Database initialized
2026-05-27 22:12:25,497 - main - INFO - [OK] Database initialized
2026-05-27 22:12:25,512 - main - INFO - [OK] Database initialized
2026-05-27 22:12:25,516 - main - WARNING - Download attempt for non-existent file: nonexistent.txt
2026-05-27 22:12:25,535 - main - INFO - [OK] Database initialized
2026-05-27 22:12:25,536 - main - WARNING - Recipient access attempt for invalid identifier: invalid_token_xyz
2026-05-27 22:12:25,552 - main - INFO - [OK] Database initialized
2026-05-27 22:12:25,556 - main - WARNING - Upload attempt with no file part
2026-05-27 22:12:25,573 - main - INFO - [OK] Database initialized
2026-05-27 22:12:25,589 - main - INFO - [OK] Database initialized
2026-05-27 22:12:25,596 - main - INFO - File saved to local storage: 1_document.txt
2026-05-27 22:12:25,606 - main - INFO - File saved to local storage: 2_document.txt
2026-05-27 22:12:25,625 - main - INFO - [OK] Database initialized
2026-05-27 22:12:25,638 - main - INFO - File saved to local storage: 1_test-file.pdf
2026-05-27 22:12:25,643 - main - INFO - Recipient accessed file: 9FfI23p2mEPWWWHq
2026-05-27 22:12:47,565 - main - INFO - [OK] Configuration validation passed
2026-05-27 22:12:47,567 - main - INFO - [OK] Rate limiter initialized
2026-05-27 22:13:10,038 - __main__ - INFO - [OK] Configuration validation passed
2026-05-27 22:13:10,038 - __main__ - INFO - [OK] Rate limiter initialized
2026-05-27 22:13:11,160 - __main__ - INFO - [OK] PostgreSQL connection pool initialized
2026-05-27 22:13:12,195 - __main__ - ERROR - Database error: column "created_at" does not exist

2026-05-27 22:13:12,200 - __main__ - ERROR - Database initialization failed: column "created_at" does not exist

2026-05-27 22:13:12,201 - __main__ - CRITICAL - Failed to start application: column "created_at" does not exist

2026-05-27 22:13:12,201 - __main__ - INFO - Database connection pool closed
2026-05-27 22:16:49,966 - __main__ - INFO - [OK] Configuration validation passed
2026-05-27 22:16:49,970 - __main__ - INFO - [OK] Rate limiter initialized
2026-05-27 22:16:51,069 - __main__ - INFO - [OK] PostgreSQL connection pool initialized
2026-05-27 22:16:51,992 - __main__ - ERROR - Database error: column "created_at" does not exist

2026-05-27 22:16:51,992 - __main__ - ERROR - Database initialization failed: column "created_at" does not exist

2026-05-27 22:16:51,992 - __main__ - CRITICAL - Failed to start application: column "created_at" does not exist

2026-05-27 22:16:51,992 - __main__ - INFO - Database connection pool closed
2026-05-27 22:19:16,656 - __main__ - INFO - [OK] Configuration validation passed
2026-05-27 22:19:16,656 - __main__ - INFO - [OK] Rate limiter initialized
2026-05-27 22:19:17,887 - __main__ - INFO - [OK] PostgreSQL connection pool initialized
2026-05-27 22:19:18,724 - __main__ - ERROR - Database error: column "created_at" does not exist

2026-05-27 22:19:18,724 - __main__ - ERROR - Database initialization failed: column "created_at" does not exist

2026-05-27 22:19:18,724 - __main__ - CRITICAL - Failed to start application: column "created_at" does not exist

2026-05-27 22:19:18,727 - __main__ - INFO - Database connection pool closed
2026-05-27 22:22:09,505 - __main__ - INFO - [OK] Configuration validation passed
2026-05-27 22:22:09,507 - __main__ - INFO - [OK] Rate limiter initialized
2026-05-27 22:22:09,510 - __main__ - WARNING - [WARNING] DATABASE_URL set but psycopg2 not installed - using SQLite
2026-05-27 22:22:09,512 - __main__ - INFO - [OK] Using SQLite for metadata
2026-05-27 22:22:09,537 - __main__ - ERROR - Database error: no such column: created_at
2026-05-27 22:22:09,537 - __main__ - ERROR - Database initialization failed: no such column: created_at
2026-05-27 22:22:09,537 - __main__ - CRITICAL - Failed to start application: no such column: created_at
2026-05-27 22:22:35,571 - __main__ - INFO - [OK] Configuration validation passed
2026-05-27 22:22:35,572 - __main__ - INFO - [OK] Rate limiter initialized
2026-05-27 22:22:35,572 - __main__ - WARNING - [WARNING] DATABASE_URL set but psycopg2 not installed - using SQLite
2026-05-27 22:22:35,572 - __main__ - INFO - [OK] Using SQLite for metadata
2026-05-27 22:22:35,577 - __main__ - WARNING - Database schema incomplete. Missing columns: {'created_at'}
2026-05-27 22:22:35,577 - __main__ - WARNING - Recreating file_hashes table...
2026-05-27 22:22:35,604 - __main__ - INFO - Old table dropped, will create fresh schema
2026-05-27 22:22:35,616 - __main__ - INFO - [OK] Database initialized
2026-05-27 22:22:35,618 - __main__ - INFO - Syncing file cache on startup...
2026-05-27 22:22:35,618 - __main__ - INFO - Starting cache sync...
2026-05-27 22:22:35,619 - __main__ - INFO - Adding 2 new files to cache...
2026-05-27 22:22:35,621 - __main__ - INFO - Generating 2 missing share tokens...
2026-05-27 22:22:35,624 - __main__ - INFO - [OK] Cache sync completed
2026-05-27 22:22:35,624 - __main__ - WARNING - Cloudinary library not available
2026-05-27 22:22:35,624 - __main__ - INFO - ============================================================
2026-05-27 22:22:35,624 - __main__ - INFO - Data Share Application Starting
2026-05-27 22:22:35,624 - __main__ - INFO - ============================================================
2026-05-27 22:22:35,624 - __main__ - INFO - Storage Directory: storage
2026-05-27 22:22:35,624 - __main__ - INFO - Database Backend: SQLite
2026-05-27 22:22:35,625 - __main__ - INFO - Cloudinary: Not configured
2026-05-27 22:22:35,625 - __main__ - INFO - Environment: development
2026-05-27 22:22:35,625 - __main__ - INFO - ============================================================
2026-05-27 22:22:35,698 - werkzeug - INFO - [31m[1mWARNING: This is a development server. Do not use it in a production deployment. Use a production WSGI server instead.[0m
 * Running on all addresses (0.0.0.0)
 * Running on http://127.0.0.1:5000
 * Running on http://10.46.249.75:5000
2026-05-27 22:22:35,698 - werkzeug - INFO - [33mPress CTRL+C to quit[0m
2026-05-27 22:22:35,704 - werkzeug - INFO -  * Restarting with stat
2026-05-27 22:22:36,148 - __main__ - INFO - [OK] Configuration validation passed
2026-05-27 22:22:36,152 - __main__ - INFO - [OK] Rate limiter initialized
2026-05-27 22:22:36,155 - __main__ - WARNING - [WARNING] DATABASE_URL set but psycopg2 not installed - using SQLite
2026-05-27 22:22:36,155 - __main__ - INFO - [OK] Using SQLite for metadata
2026-05-27 22:22:36,157 - __main__ - INFO - [OK] Database initialized
2026-05-27 22:22:36,157 - __main__ - INFO - Syncing file cache on startup...
2026-05-27 22:22:36,157 - __main__ - INFO - Starting cache sync...
2026-05-27 22:22:36,158 - __main__ - INFO - [OK] Cache sync completed
2026-05-27 22:22:36,158 - __main__ - WARNING - Cloudinary library not available
2026-05-27 22:22:36,158 - __main__ - INFO - ============================================================
2026-05-27 22:22:36,158 - __main__ - INFO - Data Share Application Starting
2026-05-27 22:22:36,158 - __main__ - INFO - ============================================================
2026-05-27 22:22:36,158 - __main__ - INFO - Storage Directory: storage
2026-05-27 22:22:36,158 - __main__ - INFO - Database Backend: SQLite
2026-05-27 22:22:36,158 - __main__ - INFO - Cloudinary: Not configured
2026-05-27 22:22:36,158 - __main__ - INFO - Environment: development
2026-05-27 22:22:36,158 - __main__ - INFO - ============================================================
2026-05-27 22:22:36,172 - werkzeug - WARNING -  * Debugger is active!
2026-05-27 22:22:36,178 - werkzeug - INFO -  * Debugger PIN: 121-354-742
2026-05-27 22:24:09,073 - __main__ - INFO - [OK] Configuration validation passed
2026-05-27 22:24:09,073 - __main__ - INFO - [OK] Rate limiter initialized
2026-05-27 22:24:10,236 - __main__ - INFO - [OK] PostgreSQL connection pool initialized
2026-05-27 22:24:10,702 - __main__ - WARNING - Database schema incomplete. Missing columns: {'created_at'}
2026-05-27 22:24:10,702 - __main__ - WARNING - Recreating file_hashes table...
2026-05-27 22:24:10,825 - __main__ - INFO - Old table dropped, will create fresh schema
2026-05-27 22:24:11,604 - __main__ - INFO - [OK] Database initialized
2026-05-27 22:24:11,604 - __main__ - INFO - Syncing file cache on startup...
2026-05-27 22:24:11,604 - __main__ - INFO - Starting cache sync...
2026-05-27 22:24:11,958 - __main__ - INFO - Adding 2 new files to cache...
2026-05-27 22:24:12,351 - __main__ - INFO - Generating 2 missing share tokens...
2026-05-27 22:24:13,033 - __main__ - INFO - [OK] Cache sync completed
2026-05-27 22:24:13,033 - __main__ - ERROR - Cloudinary connection test failed
2026-05-27 22:24:13,033 - __main__ - INFO - ============================================================
2026-05-27 22:24:13,033 - __main__ - INFO - Data Share Application Starting
2026-05-27 22:24:13,033 - __main__ - INFO - ============================================================
2026-05-27 22:24:13,033 - __main__ - INFO - Storage Directory: storage
2026-05-27 22:24:13,033 - __main__ - INFO - Database Backend: PostgreSQL
2026-05-27 22:24:13,033 - __main__ - INFO - Cloudinary: Not configured
2026-05-27 22:24:13,033 - __main__ - INFO - Environment: development
2026-05-27 22:24:13,033 - __main__ - INFO - ============================================================
2026-05-27 22:24:13,061 - werkzeug - INFO - [31m[1mWARNING: This is a development server. Do not use it in a production deployment. Use a production WSGI server instead.[0m
 * Running on all addresses (0.0.0.0)
 * Running on http://127.0.0.1:5000
 * Running on http://10.46.249.75:5000
2026-05-27 22:24:13,061 - werkzeug - INFO - [33mPress CTRL+C to quit[0m
2026-05-27 22:24:13,065 - werkzeug - INFO -  * Restarting with stat
2026-05-27 22:24:13,521 - __main__ - INFO - [OK] Configuration validation passed
2026-05-27 22:24:13,521 - __main__ - INFO - [OK] Rate limiter initialized
2026-05-27 22:24:14,477 - __main__ - INFO - [OK] PostgreSQL connection pool initialized
2026-05-27 22:24:15,706 - __main__ - INFO - [OK] Database initialized
2026-05-27 22:24:15,706 - __main__ - INFO - Syncing file cache on startup...
2026-05-27 22:24:15,706 - __main__ - INFO - Starting cache sync...
2026-05-27 22:24:16,302 - __main__ - INFO - [OK] Cache sync completed
2026-05-27 22:24:16,302 - __main__ - ERROR - Cloudinary connection test failed
2026-05-27 22:24:16,302 - __main__ - INFO - ============================================================
2026-05-27 22:24:16,302 - __main__ - INFO - Data Share Application Starting
2026-05-27 22:24:16,302 - __main__ - INFO - ============================================================
2026-05-27 22:24:16,302 - __main__ - INFO - Storage Directory: storage
2026-05-27 22:24:16,318 - __main__ - INFO - Database Backend: PostgreSQL
2026-05-27 22:24:16,318 - __main__ - INFO - Cloudinary: Not configured
2026-05-27 22:24:16,318 - __main__ - INFO - Environment: development
2026-05-27 22:24:16,318 - __main__ - INFO - ============================================================
2026-05-27 22:24:16,318 - werkzeug - WARNING -  * Debugger is active!
2026-05-27 22:24:16,336 - werkzeug - INFO -  * Debugger PIN: 131-439-443
2026-05-27 22:24:35,251 - werkzeug - INFO - 127.0.0.1 - - [27/May/2026 22:24:35] "GET / HTTP/1.1" 200 -
2026-05-27 22:24:35,327 - werkzeug - INFO - 127.0.0.1 - - [27/May/2026 22:24:35] "[36mGET /static/js/app.js HTTP/1.1[0m" 304 -
2026-05-27 22:24:35,327 - werkzeug - INFO - 127.0.0.1 - - [27/May/2026 22:24:35] "[36mGET /static/css/fileflow.css HTTP/1.1[0m" 304 -
2026-05-27 22:25:14,300 - __main__ - INFO - Shutdown signal received (2)
2026-05-27 22:25:14,301 - __main__ - INFO - Database connection pool closed
2026-05-27 22:25:14,325 - __main__ - ERROR - Error closing database pool: connection pool is closed
2026-05-27 22:25:14,427 - __main__ - INFO - Shutdown signal received (2)
2026-05-27 22:25:14,427 - __main__ - INFO - Database connection pool closed
2026-05-27 22:25:14,429 - __main__ - ERROR - Error closing database pool: connection pool is closed
2026-05-27 22:25:18,107 - __main__ - INFO - [OK] Configuration validation passed
2026-05-27 22:25:18,107 - __main__ - INFO - [OK] Rate limiter initialized
2026-05-27 22:25:19,383 - __main__ - INFO - [OK] PostgreSQL connection pool initialized
2026-05-27 22:25:20,551 - __main__ - INFO - [OK] Database initialized
2026-05-27 22:25:20,551 - __main__ - INFO - Syncing file cache on startup...
2026-05-27 22:25:20,551 - __main__ - INFO - Starting cache sync...
2026-05-27 22:25:21,147 - __main__ - INFO - [OK] Cache sync completed
2026-05-27 22:25:21,147 - __main__ - ERROR - Cloudinary connection test failed
2026-05-27 22:25:21,147 - __main__ - INFO - ============================================================
2026-05-27 22:25:21,147 - __main__ - INFO - Data Share Application Starting
2026-05-27 22:25:21,147 - __main__ - INFO - ============================================================
2026-05-27 22:25:21,147 - __main__ - INFO - Storage Directory: storage
2026-05-27 22:25:21,147 - __main__ - INFO - Database Backend: PostgreSQL
2026-05-27 22:25:21,147 - __main__ - INFO - Cloudinary: Not configured
2026-05-27 22:25:21,147 - __main__ - INFO - Environment: development
2026-05-27 22:25:21,147 - __main__ - INFO - ============================================================
2026-05-27 22:25:21,187 - werkzeug - INFO - [31m[1mWARNING: This is a development server. Do not use it in a production deployment. Use a production WSGI server instead.[0m
 * Running on all addresses (0.0.0.0)
 * Running on http://127.0.0.1:5000
 * Running on http://10.46.249.75:5000
2026-05-27 22:25:21,187 - werkzeug - INFO - [33mPress CTRL+C to quit[0m
2026-05-27 22:25:21,189 - werkzeug - INFO -  * Restarting with stat
2026-05-27 22:25:21,627 - __main__ - INFO - [OK] Configuration validation passed
2026-05-27 22:25:21,630 - __main__ - INFO - [OK] Rate limiter initialized
2026-05-27 22:25:22,582 - __main__ - INFO - [OK] PostgreSQL connection pool initialized
2026-05-27 22:25:23,789 - __main__ - INFO - [OK] Database initialized
2026-05-27 22:25:23,789 - __main__ - INFO - Syncing file cache on startup...
2026-05-27 22:25:23,789 - __main__ - INFO - Starting cache sync...
2026-05-27 22:25:24,431 - __main__ - INFO - [OK] Cache sync completed
2026-05-27 22:25:24,431 - __main__ - ERROR - Cloudinary connection test failed
2026-05-27 22:25:24,431 - __main__ - INFO - ============================================================
2026-05-27 22:25:24,431 - __main__ - INFO - Data Share Application Starting
2026-05-27 22:25:24,431 - __main__ - INFO - ============================================================
2026-05-27 22:25:24,431 - __main__ - INFO - Storage Directory: storage
2026-05-27 22:25:24,431 - __main__ - INFO - Database Backend: PostgreSQL
2026-05-27 22:25:24,431 - __main__ - INFO - Cloudinary: Not configured
2026-05-27 22:25:24,431 - __main__ - INFO - Environment: development
2026-05-27 22:25:24,431 - __main__ - INFO - ============================================================
2026-05-27 22:25:24,454 - werkzeug - WARNING -  * Debugger is active!
2026-05-27 22:25:24,458 - werkzeug - INFO -  * Debugger PIN: 131-439-443
2026-05-27 22:25:24,640 - __main__ - INFO - Shutdown signal received (2)
2026-05-27 22:25:24,642 - __main__ - INFO - Database connection pool closed
2026-05-27 22:25:24,644 - __main__ - ERROR - Error closing database pool: connection pool is closed
2026-05-27 22:25:24,724 - __main__ - INFO - Shutdown signal received (2)
2026-05-27 22:25:24,727 - __main__ - INFO - Database connection pool closed
2026-05-27 22:25:24,727 - __main__ - ERROR - Error closing database pool: connection pool is closed
2026-05-27 22:25:29,574 - __main__ - INFO - [OK] Configuration validation passed
2026-05-27 22:25:29,576 - __main__ - INFO - [OK] Rate limiter initialized
2026-05-27 22:25:30,557 - __main__ - INFO - [OK] PostgreSQL connection pool initialized
2026-05-27 22:25:31,796 - __main__ - INFO - [OK] Database initialized
2026-05-27 22:25:31,796 - __main__ - INFO - Syncing file cache on startup...
2026-05-27 22:25:31,796 - __main__ - INFO - Starting cache sync...
2026-05-27 22:25:32,391 - __main__ - INFO - [OK] Cache sync completed
2026-05-27 22:25:32,391 - __main__ - ERROR - Cloudinary connection test failed
2026-05-27 22:25:32,391 - __main__ - INFO - ============================================================
2026-05-27 22:25:32,391 - __main__ - INFO - Data Share Application Starting
2026-05-27 22:25:32,391 - __main__ - INFO - ============================================================
2026-05-27 22:25:32,391 - __main__ - INFO - Storage Directory: storage
2026-05-27 22:25:32,391 - __main__ - INFO - Database Backend: PostgreSQL
2026-05-27 22:25:32,391 - __main__ - INFO - Cloudinary: Not configured
2026-05-27 22:25:32,391 - __main__ - INFO - Environment: development
2026-05-27 22:25:32,391 - __main__ - INFO - ============================================================
2026-05-27 22:25:32,431 - werkzeug - INFO - [31m[1mWARNING: This is a development server. Do not use it in a production deployment. Use a production WSGI server instead.[0m
 * Running on all addresses (0.0.0.0)
 * Running on http://127.0.0.1:5000
 * Running on http://10.46.249.75:5000
2026-05-27 22:25:32,431 - werkzeug - INFO - [33mPress CTRL+C to quit[0m
2026-05-27 22:25:32,434 - werkzeug - INFO -  * Restarting with stat
2026-05-27 22:25:32,965 - __main__ - INFO - [OK] Configuration validation passed
2026-05-27 22:25:32,967 - __main__ - INFO - [OK] Rate limiter initialized
2026-05-27 22:25:34,114 - __main__ - INFO - [OK] PostgreSQL connection pool initialized
2026-05-27 22:25:35,310 - __main__ - INFO - [OK] Database initialized
2026-05-27 22:25:35,310 - __main__ - INFO - Syncing file cache on startup...
2026-05-27 22:25:35,317 - __main__ - INFO - Starting cache sync...
2026-05-27 22:25:35,961 - __main__ - INFO - [OK] Cache sync completed
2026-05-27 22:25:35,961 - __main__ - ERROR - Cloudinary connection test failed
2026-05-27 22:25:35,961 - __main__ - INFO - ============================================================
2026-05-27 22:25:35,961 - __main__ - INFO - Data Share Application Starting
2026-05-27 22:25:35,961 - __main__ - INFO - ============================================================
2026-05-27 22:25:35,961 - __main__ - INFO - Storage Directory: storage
2026-05-27 22:25:35,961 - __main__ - INFO - Database Backend: PostgreSQL
2026-05-27 22:25:35,961 - __main__ - INFO - Cloudinary: Not configured
2026-05-27 22:25:35,961 - __main__ - INFO - Environment: development
2026-05-27 22:25:35,961 - __main__ - INFO - ============================================================
2026-05-27 22:25:35,964 - werkzeug - WARNING -  * Debugger is active!
2026-05-27 22:25:35,979 - werkzeug - INFO -  * Debugger PIN: 131-439-443
2026-05-27 22:26:06,241 - __main__ - INFO - Shutdown signal received (2)
2026-05-27 22:26:06,244 - __main__ - INFO - Database connection pool closed
2026-05-27 22:26:06,244 - __main__ - ERROR - Error closing database pool: connection pool is closed
2026-05-27 22:26:06,337 - __main__ - INFO - Shutdown signal received (2)
2026-05-27 22:26:06,337 - __main__ - INFO - Database connection pool closed
2026-05-27 22:26:06,337 - __main__ - ERROR - Error closing database pool: connection pool is closed
2026-05-27 22:26:10,419 - __main__ - INFO - [OK] Configuration validation passed
2026-05-27 22:26:10,425 - __main__ - INFO - [OK] Rate limiter initialized
2026-05-27 22:26:11,561 - __main__ - INFO - [OK] PostgreSQL connection pool initialized
2026-05-27 22:26:12,899 - __main__ - INFO - [OK] Database initialized
2026-05-27 22:26:12,899 - __main__ - INFO - Syncing file cache on startup...
2026-05-27 22:26:12,899 - __main__ - INFO - Starting cache sync...
2026-05-27 22:26:13,553 - __main__ - INFO - [OK] Cache sync completed
2026-05-27 22:26:13,558 - __main__ - ERROR - Cloudinary connection test failed
2026-05-27 22:26:13,558 - __main__ - INFO - ============================================================
2026-05-27 22:26:13,558 - __main__ - INFO - Data Share Application Starting
2026-05-27 22:26:13,558 - __main__ - INFO - ============================================================
2026-05-27 22:26:13,558 - __main__ - INFO - Storage Directory: storage
2026-05-27 22:26:13,558 - __main__ - INFO - Database Backend: PostgreSQL
2026-05-27 22:26:13,558 - __main__ - INFO - Cloudinary: Not configured
2026-05-27 22:26:13,558 - __main__ - INFO - Environment: development
2026-05-27 22:26:13,558 - __main__ - INFO - ============================================================
2026-05-27 22:26:13,581 - werkzeug - INFO - [31m[1mWARNING: This is a development server. Do not use it in a production deployment. Use a production WSGI server instead.[0m
 * Running on all addresses (0.0.0.0)
 * Running on http://127.0.0.1:5000
 * Running on http://10.46.249.75:5000
2026-05-27 22:26:13,582 - werkzeug - INFO - [33mPress CTRL+C to quit[0m
2026-05-27 22:26:13,583 - werkzeug - INFO -  * Restarting with stat
2026-05-27 22:26:14,075 - __main__ - INFO - [OK] Configuration validation passed
2026-05-27 22:26:14,075 - __main__ - INFO - [OK] Rate limiter initialized
2026-05-27 22:26:15,248 - __main__ - INFO - [OK] PostgreSQL connection pool initialized
2026-05-27 22:26:16,433 - __main__ - INFO - [OK] Database initialized
2026-05-27 22:26:16,433 - __main__ - INFO - Syncing file cache on startup...
2026-05-27 22:26:16,433 - __main__ - INFO - Starting cache sync...
2026-05-27 22:26:17,024 - __main__ - INFO - [OK] Cache sync completed
2026-05-27 22:26:17,024 - __main__ - ERROR - Cloudinary connection test failed
2026-05-27 22:26:17,024 - __main__ - INFO - ============================================================
2026-05-27 22:26:17,024 - __main__ - INFO - Data Share Application Starting
2026-05-27 22:26:17,024 - __main__ - INFO - ============================================================
2026-05-27 22:26:17,024 - __main__ - INFO - Storage Directory: storage
2026-05-27 22:26:17,024 - __main__ - INFO - Database Backend: PostgreSQL
2026-05-27 22:26:17,024 - __main__ - INFO - Cloudinary: Not configured
2026-05-27 22:26:17,024 - __main__ - INFO - Environment: development
2026-05-27 22:26:17,024 - __main__ - INFO - ============================================================
2026-05-27 22:26:17,040 - werkzeug - WARNING -  * Debugger is active!
2026-05-27 22:26:17,057 - werkzeug - INFO -  * Debugger PIN: 131-439-443
2026-05-27 22:35:20,559 - werkzeug - INFO -  * Detected change in 'D:\\Projects\\Data Share\\main.py', reloading
2026-05-27 22:35:20,561 - __main__ - INFO - Database connection pool closed
2026-05-27 22:35:20,617 - werkzeug - INFO -  * Restarting with stat
2026-05-27 22:35:21,205 - __main__ - INFO - [OK] Configuration validation passed
2026-05-27 22:35:21,208 - __main__ - INFO - [OK] Rate limiter initialized
2026-05-27 22:35:22,323 - __main__ - INFO - [OK] PostgreSQL connection pool initialized
2026-05-27 22:35:23,609 - __main__ - INFO - [OK] Database initialized
2026-05-27 22:35:23,609 - __main__ - INFO - Syncing file cache on startup...
2026-05-27 22:35:23,609 - __main__ - INFO - Starting cache sync...
2026-05-27 22:35:24,009 - __main__ - INFO - Shutdown signal received (2)
2026-05-27 22:35:24,009 - __main__ - INFO - Database connection pool closed
2026-05-27 22:35:24,009 - __main__ - ERROR - Cache sync failed: connection pool is closed
2026-05-27 22:35:25,970 - __main__ - INFO - [OK] Cloudinary connection verified
2026-05-27 22:35:25,970 - __main__ - INFO - [OK] Cloudinary configured successfully
2026-05-27 22:35:25,972 - __main__ - INFO - ============================================================
2026-05-27 22:35:25,972 - __main__ - INFO - Data Share Application Starting
2026-05-27 22:35:25,972 - __main__ - INFO - ============================================================
2026-05-27 22:35:25,972 - __main__ - INFO - Storage Directory: storage
2026-05-27 22:35:25,972 - __main__ - INFO - Database Backend: PostgreSQL
2026-05-27 22:35:25,972 - __main__ - INFO - Cloudinary: Configured
2026-05-27 22:35:25,972 - __main__ - INFO - Environment: development
2026-05-27 22:35:25,972 - __main__ - INFO - ============================================================
2026-05-27 22:35:25,993 - werkzeug - WARNING -  * Debugger is active!
2026-05-27 22:35:25,997 - werkzeug - INFO -  * Debugger PIN: 131-439-443
2026-05-27 22:35:27,410 - __main__ - INFO - Shutdown signal received (2)
2026-05-27 22:35:27,410 - __main__ - ERROR - Error closing database pool: connection pool is closed
2026-05-27 22:35:27,412 - __main__ - ERROR - Error closing database pool: connection pool is closed
2026-05-27 22:35:27,475 - __main__ - INFO - Shutdown signal received (2)
2026-05-27 22:35:27,475 - __main__ - INFO - Database connection pool closed
2026-05-27 22:35:27,475 - __main__ - ERROR - Error closing database pool: connection pool is closed
2026-05-27 22:35:37,076 - __main__ - INFO - [OK] Configuration validation passed
2026-05-27 22:35:37,080 - __main__ - INFO - [OK] Rate limiter initialized
2026-05-27 22:35:37,083 - __main__ - WARNING - [WARNING] DATABASE_URL set but psycopg2 not installed - using SQLite
2026-05-27 22:35:37,083 - __main__ - INFO - [OK] Using SQLite for metadata
2026-05-27 22:35:37,085 - __main__ - INFO - [OK] Database initialized
2026-05-27 22:35:37,085 - __main__ - INFO - Syncing file cache on startup...
2026-05-27 22:35:37,085 - __main__ - INFO - Starting cache sync...
2026-05-27 22:35:37,085 - __main__ - INFO - [OK] Cache sync completed
2026-05-27 22:35:37,085 - __main__ - WARNING - Cloudinary library not available
2026-05-27 22:35:37,085 - __main__ - INFO - ============================================================
2026-05-27 22:35:37,085 - __main__ - INFO - Data Share Application Starting
2026-05-27 22:35:37,085 - __main__ - INFO - ============================================================
2026-05-27 22:35:37,085 - __main__ - INFO - Storage Directory: storage
2026-05-27 22:35:37,085 - __main__ - INFO - Database Backend: SQLite
2026-05-27 22:35:37,085 - __main__ - INFO - Cloudinary: Not configured
2026-05-27 22:35:37,085 - __main__ - INFO - Environment: development
2026-05-27 22:35:37,085 - __main__ - INFO - ============================================================
2026-05-27 22:35:37,115 - werkzeug - INFO - [31m[1mWARNING: This is a development server. Do not use it in a production deployment. Use a production WSGI server instead.[0m
 * Running on all addresses (0.0.0.0)
 * Running on http://127.0.0.1:5000
 * Running on http://10.46.249.75:5000
2026-05-27 22:35:37,115 - werkzeug - INFO - [33mPress CTRL+C to quit[0m
2026-05-27 22:35:37,118 - werkzeug - INFO -  * Restarting with stat
2026-05-27 22:35:37,465 - __main__ - INFO - [OK] Configuration validation passed
2026-05-27 22:35:37,467 - __main__ - INFO - [OK] Rate limiter initialized
2026-05-27 22:35:37,470 - __main__ - WARNING - [WARNING] DATABASE_URL set but psycopg2 not installed - using SQLite
2026-05-27 22:35:37,470 - __main__ - INFO - [OK] Using SQLite for metadata
2026-05-27 22:35:37,470 - __main__ - INFO - [OK] Database initialized
2026-05-27 22:35:37,470 - __main__ - INFO - Syncing file cache on startup...
2026-05-27 22:35:37,470 - __main__ - INFO - Starting cache sync...
2026-05-27 22:35:37,472 - __main__ - INFO - [OK] Cache sync completed
2026-05-27 22:35:37,472 - __main__ - WARNING - Cloudinary library not available
2026-05-27 22:35:37,472 - __main__ - INFO - ============================================================
2026-05-27 22:35:37,472 - __main__ - INFO - Data Share Application Starting
2026-05-27 22:35:37,472 - __main__ - INFO - ============================================================
2026-05-27 22:35:37,472 - __main__ - INFO - Storage Directory: storage
2026-05-27 22:35:37,472 - __main__ - INFO - Database Backend: SQLite
2026-05-27 22:35:37,472 - __main__ - INFO - Cloudinary: Not configured
2026-05-27 22:35:37,472 - __main__ - INFO - Environment: development
2026-05-27 22:35:37,472 - __main__ - INFO - ============================================================
2026-05-27 22:35:37,489 - werkzeug - WARNING -  * Debugger is active!
2026-05-27 22:35:37,495 - werkzeug - INFO -  * Debugger PIN: 121-354-742
2026-05-27 22:36:24,668 - __main__ - INFO - [OK] Configuration validation passed
2026-05-27 22:36:24,673 - __main__ - INFO - [OK] Rate limiter initialized
2026-05-27 22:36:24,675 - __main__ - WARNING - [WARNING] DATABASE_URL set but psycopg2 not installed - using SQLite
2026-05-27 22:36:24,675 - __main__ - INFO - [OK] Using SQLite for metadata
2026-05-27 22:36:24,677 - __main__ - INFO - [OK] Database initialized
2026-05-27 22:36:24,677 - __main__ - INFO - Syncing file cache on startup...
2026-05-27 22:36:24,677 - __main__ - INFO - Starting cache sync...
2026-05-27 22:36:24,678 - __main__ - INFO - [OK] Cache sync completed
2026-05-27 22:36:26,606 - __main__ - INFO - [OK] Cloudinary connection verified
2026-05-27 22:36:26,606 - __main__ - INFO - [OK] Cloudinary configured successfully
2026-05-27 22:36:26,611 - __main__ - INFO - ============================================================
2026-05-27 22:36:26,611 - __main__ - INFO - Data Share Application Starting
2026-05-27 22:36:26,611 - __main__ - INFO - ============================================================
2026-05-27 22:36:26,611 - __main__ - INFO - Storage Directory: storage
2026-05-27 22:36:26,611 - __main__ - INFO - Database Backend: SQLite
2026-05-27 22:36:26,612 - __main__ - INFO - Cloudinary: Configured
2026-05-27 22:36:26,612 - __main__ - INFO - Environment: development
2026-05-27 22:36:26,612 - __main__ - INFO - ============================================================
2026-05-27 22:36:26,631 - werkzeug - INFO - [31m[1mWARNING: This is a development server. Do not use it in a production deployment. Use a production WSGI server instead.[0m
 * Running on all addresses (0.0.0.0)
 * Running on http://127.0.0.1:5000
 * Running on http://10.46.249.75:5000
2026-05-27 22:36:26,631 - werkzeug - INFO - [33mPress CTRL+C to quit[0m
2026-05-27 22:36:26,634 - werkzeug - INFO -  * Restarting with stat
2026-05-27 22:36:27,080 - __main__ - INFO - [OK] Configuration validation passed
2026-05-27 22:36:27,084 - __main__ - INFO - [OK] Rate limiter initialized
2026-05-27 22:36:27,084 - __main__ - WARNING - [WARNING] DATABASE_URL set but psycopg2 not installed - using SQLite
2026-05-27 22:36:27,084 - __main__ - INFO - [OK] Using SQLite for metadata
2026-05-27 22:36:27,084 - __main__ - INFO - [OK] Database initialized
2026-05-27 22:36:27,084 - __main__ - INFO - Syncing file cache on startup...
2026-05-27 22:36:27,084 - __main__ - INFO - Starting cache sync...
2026-05-27 22:36:27,090 - __main__ - INFO - [OK] Cache sync completed
2026-05-27 22:36:28,649 - __main__ - INFO - [OK] Cloudinary connection verified
2026-05-27 22:36:28,649 - __main__ - INFO - [OK] Cloudinary configured successfully
2026-05-27 22:36:28,649 - __main__ - INFO - ============================================================
2026-05-27 22:36:28,649 - __main__ - INFO - Data Share Application Starting
2026-05-27 22:36:28,649 - __main__ - INFO - ============================================================
2026-05-27 22:36:28,649 - __main__ - INFO - Storage Directory: storage
2026-05-27 22:36:28,649 - __main__ - INFO - Database Backend: SQLite
2026-05-27 22:36:28,649 - __main__ - INFO - Cloudinary: Configured
2026-05-27 22:36:28,649 - __main__ - INFO - Environment: development
2026-05-27 22:36:28,649 - __main__ - INFO - ============================================================
2026-05-27 22:36:28,663 - werkzeug - WARNING -  * Debugger is active!
2026-05-27 22:36:28,666 - werkzeug - INFO -  * Debugger PIN: 121-354-742
2026-05-27 22:37:04,310 - werkzeug - INFO - 127.0.0.1 - - [27/May/2026 22:37:04] "GET / HTTP/1.1" 200 -
2026-05-27 22:37:04,448 - werkzeug - INFO - 127.0.0.1 - - [27/May/2026 22:37:04] "[36mGET /static/css/fileflow.css HTTP/1.1[0m" 304 -
2026-05-27 22:37:04,468 - werkzeug - INFO - 127.0.0.1 - - [27/May/2026 22:37:04] "[36mGET /static/js/app.js HTTP/1.1[0m" 304 -
2026-05-27 22:37:15,645 - __main__ - INFO - Shutdown signal received (2)
2026-05-27 22:37:15,765 - __main__ - INFO - Shutdown signal received (2)
2026-05-27 22:37:39,579 - __main__ - INFO - [OK] Configuration validation passed
2026-05-27 22:37:39,582 - __main__ - INFO - [OK] Rate limiter initialized
2026-05-27 22:37:40,947 - __main__ - INFO - [OK] PostgreSQL connection pool initialized
2026-05-27 22:37:42,209 - __main__ - INFO - [OK] Database initialized
2026-05-27 22:37:42,209 - __main__ - INFO - Syncing file cache on startup...
2026-05-27 22:37:42,209 - __main__ - INFO - Starting cache sync...
2026-05-27 22:37:42,890 - __main__ - INFO - [OK] Cache sync completed
2026-05-27 22:37:44,739 - __main__ - INFO - [OK] Cloudinary connection verified
2026-05-27 22:37:44,739 - __main__ - INFO - [OK] Cloudinary configured successfully
2026-05-27 22:37:44,739 - __main__ - INFO - ============================================================
2026-05-27 22:37:44,739 - __main__ - INFO - Data Share Application Starting
2026-05-27 22:37:44,739 - __main__ - INFO - ============================================================
2026-05-27 22:37:44,739 - __main__ - INFO - Storage Directory: storage
2026-05-27 22:37:44,739 - __main__ - INFO - Database Backend: PostgreSQL
2026-05-27 22:37:44,739 - __main__ - INFO - Cloudinary: Configured
2026-05-27 22:37:44,739 - __main__ - INFO - Environment: development
2026-05-27 22:37:44,739 - __main__ - INFO - ============================================================
2026-05-27 22:37:44,772 - werkzeug - INFO - [31m[1mWARNING: This is a development server. Do not use it in a production deployment. Use a production WSGI server instead.[0m
 * Running on all addresses (0.0.0.0)
 * Running on http://127.0.0.1:5000
 * Running on http://10.46.249.75:5000
2026-05-27 22:37:44,772 - werkzeug - INFO - [33mPress CTRL+C to quit[0m
2026-05-27 22:37:44,774 - werkzeug - INFO -  * Restarting with stat
2026-05-27 22:37:45,442 - __main__ - INFO - [OK] Configuration validation passed
2026-05-27 22:37:45,446 - __main__ - INFO - [OK] Rate limiter initialized
2026-05-27 22:37:46,448 - __main__ - INFO - [OK] PostgreSQL connection pool initialized
2026-05-27 22:37:47,569 - __main__ - INFO - [OK] Database initialized
2026-05-27 22:37:47,569 - __main__ - INFO - Syncing file cache on startup...
2026-05-27 22:37:47,569 - __main__ - INFO - Starting cache sync...
2026-05-27 22:37:48,209 - __main__ - INFO - [OK] Cache sync completed
2026-05-27 22:37:50,175 - __main__ - INFO - [OK] Cloudinary connection verified
2026-05-27 22:37:50,175 - __main__ - INFO - [OK] Cloudinary configured successfully
2026-05-27 22:37:50,177 - __main__ - INFO - ============================================================
2026-05-27 22:37:50,177 - __main__ - INFO - Data Share Application Starting
2026-05-27 22:37:50,177 - __main__ - INFO - ============================================================
2026-05-27 22:37:50,177 - __main__ - INFO - Storage Directory: storage
2026-05-27 22:37:50,177 - __main__ - INFO - Database Backend: PostgreSQL
2026-05-27 22:37:50,177 - __main__ - INFO - Cloudinary: Configured
2026-05-27 22:37:50,177 - __main__ - INFO - Environment: development
2026-05-27 22:37:50,177 - __main__ - INFO - ============================================================
2026-05-27 22:37:50,197 - werkzeug - WARNING -  * Debugger is active!
2026-05-27 22:37:50,202 - werkzeug - INFO -  * Debugger PIN: 131-439-443
2026-05-27 22:37:57,661 - werkzeug - INFO - 127.0.0.1 - - [27/May/2026 22:37:57] "GET / HTTP/1.1" 200 -
2026-05-27 22:37:57,723 - werkzeug - INFO - 127.0.0.1 - - [27/May/2026 22:37:57] "[36mGET /static/css/fileflow.css HTTP/1.1[0m" 304 -
2026-05-27 22:37:57,732 - werkzeug - INFO - 127.0.0.1 - - [27/May/2026 22:37:57] "[36mGET /static/js/app.js HTTP/1.1[0m" 304 -
2026-05-27 22:38:07,863 - __main__ - INFO - Shutdown signal received (2)
2026-05-27 22:38:07,865 - __main__ - INFO - Database connection pool closed
2026-05-27 22:38:07,867 - __main__ - ERROR - Error closing database pool: connection pool is closed
2026-05-27 22:38:07,936 - __main__ - INFO - Shutdown signal received (2)
2026-05-27 22:38:07,936 - __main__ - INFO - Database connection pool closed
2026-05-27 22:38:07,940 - __main__ - ERROR - Error closing database pool: connection pool is closed
2026-05-27 22:38:32,340 - __main__ - INFO - [OK] Configuration validation passed
2026-05-27 22:38:32,340 - __main__ - INFO - [OK] Rate limiter initialized
2026-05-27 22:38:33,403 - __main__ - INFO - [OK] PostgreSQL connection pool initialized
2026-05-27 22:38:34,408 - __main__ - INFO - [OK] Database initialized
2026-05-27 22:38:34,414 - __main__ - INFO - Syncing file cache on startup...
2026-05-27 22:38:34,414 - __main__ - INFO - Starting cache sync...
2026-05-27 22:38:34,850 - __main__ - INFO - Adding 2 new files to cache...
2026-05-27 22:38:35,278 - __main__ - INFO - Generating 2 missing share tokens...
2026-05-27 22:38:35,916 - __main__ - INFO - [OK] Cache sync completed
2026-05-27 22:38:37,811 - __main__ - INFO - [OK] Cloudinary connection verified
2026-05-27 22:38:37,812 - __main__ - INFO - [OK] Cloudinary configured successfully
2026-05-27 22:38:37,812 - __main__ - INFO - ============================================================
2026-05-27 22:38:37,812 - __main__ - INFO - Data Share Application Starting
2026-05-27 22:38:37,812 - __main__ - INFO - ============================================================
2026-05-27 22:38:37,812 - __main__ - INFO - Storage Directory: storage
2026-05-27 22:38:37,812 - __main__ - INFO - Database Backend: PostgreSQL
2026-05-27 22:38:37,812 - __main__ - INFO - Cloudinary: Configured
2026-05-27 22:38:37,812 - __main__ - INFO - Environment: development
2026-05-27 22:38:37,812 - __main__ - INFO - ============================================================
2026-05-27 22:38:37,832 - werkzeug - INFO - [31m[1mWARNING: This is a development server. Do not use it in a production deployment. Use a production WSGI server instead.[0m
 * Running on all addresses (0.0.0.0)
 * Running on http://127.0.0.1:5000
 * Running on http://10.46.249.75:5000
2026-05-27 22:38:37,832 - werkzeug - INFO - [33mPress CTRL+C to quit[0m
2026-05-27 22:38:37,833 - werkzeug - INFO -  * Restarting with stat
2026-05-27 22:38:38,282 - __main__ - INFO - [OK] Configuration validation passed
2026-05-27 22:38:38,282 - __main__ - INFO - [OK] Rate limiter initialized
2026-05-27 22:38:39,168 - __main__ - INFO - [OK] PostgreSQL connection pool initialized
2026-05-27 22:38:40,247 - __main__ - INFO - [OK] Database initialized
2026-05-27 22:38:40,248 - __main__ - INFO - Syncing file cache on startup...
2026-05-27 22:38:40,248 - __main__ - INFO - Starting cache sync...
2026-05-27 22:38:40,969 - __main__ - INFO - [OK] Cache sync completed
2026-05-27 22:38:43,013 - __main__ - INFO - [OK] Cloudinary connection verified
2026-05-27 22:38:43,015 - __main__ - INFO - [OK] Cloudinary configured successfully
2026-05-27 22:38:43,015 - __main__ - INFO - ============================================================
2026-05-27 22:38:43,015 - __main__ - INFO - Data Share Application Starting
2026-05-27 22:38:43,015 - __main__ - INFO - ============================================================
2026-05-27 22:38:43,015 - __main__ - INFO - Storage Directory: storage
2026-05-27 22:38:43,015 - __main__ - INFO - Database Backend: PostgreSQL
2026-05-27 22:38:43,015 - __main__ - INFO - Cloudinary: Configured
2026-05-27 22:38:43,015 - __main__ - INFO - Environment: development
2026-05-27 22:38:43,015 - __main__ - INFO - ============================================================
2026-05-27 22:38:43,027 - werkzeug - WARNING -  * Debugger is active!
2026-05-27 22:38:43,035 - werkzeug - INFO -  * Debugger PIN: 131-439-443
2026-05-27 22:38:43,463 - werkzeug - INFO - 127.0.0.1 - - [27/May/2026 22:38:43] "GET / HTTP/1.1" 200 -
2026-05-27 22:38:43,526 - werkzeug - INFO - 127.0.0.1 - - [27/May/2026 22:38:43] "[36mGET /static/js/app.js HTTP/1.1[0m" 304 -
2026-05-27 22:38:43,534 - werkzeug - INFO - 127.0.0.1 - - [27/May/2026 22:38:43] "[36mGET /static/css/fileflow.css HTTP/1.1[0m" 304 -
2026-05-27 22:39:00,382 - werkzeug - INFO -  * Detected change in 'D:\\Projects\\Data Share\\main.py', reloading
2026-05-27 22:39:00,382 - __main__ - INFO - Database connection pool closed
2026-05-27 22:39:00,467 - werkzeug - INFO -  * Restarting with stat
2026-05-27 22:39:00,940 - __main__ - INFO - [OK] Configuration validation passed
2026-05-27 22:39:00,942 - __main__ - INFO - [OK] Rate limiter initialized
2026-05-27 22:39:02,043 - __main__ - INFO - [OK] PostgreSQL connection pool initialized
2026-05-27 22:39:03,214 - __main__ - INFO - [OK] Database initialized
2026-05-27 22:39:03,214 - __main__ - INFO - Syncing file cache on startup...
2026-05-27 22:39:03,214 - __main__ - INFO - Starting cache sync...
2026-05-27 22:39:03,888 - __main__ - INFO - [OK] Cache sync completed
2026-05-27 22:39:05,810 - __main__ - INFO - [OK] Cloudinary connection verified
2026-05-27 22:39:05,810 - __main__ - INFO - [OK] Cloudinary configured successfully
2026-05-27 22:39:05,810 - __main__ - INFO - ============================================================
2026-05-27 22:39:05,810 - __main__ - INFO - Data Share Application Starting
2026-05-27 22:39:05,810 - __main__ - INFO - ============================================================
2026-05-27 22:39:05,810 - __main__ - INFO - Storage Directory: storage
2026-05-27 22:39:05,810 - __main__ - INFO - Database Backend: PostgreSQL
2026-05-27 22:39:05,810 - __main__ - INFO - Cloudinary: Configured
2026-05-27 22:39:05,812 - __main__ - INFO - Environment: development
2026-05-27 22:39:05,812 - __main__ - INFO - ============================================================
2026-05-27 22:39:05,814 - werkzeug - WARNING -  * Debugger is active!
2026-05-27 22:39:05,827 - werkzeug - INFO -  * Debugger PIN: 131-439-443
2026-05-27 22:39:40,162 - __main__ - INFO - Shutdown signal received (2)
2026-05-27 22:39:40,164 - __main__ - INFO - Database connection pool closed
2026-05-27 22:39:40,166 - __main__ - ERROR - Error closing database pool: connection pool is closed
2026-05-27 22:39:40,280 - __main__ - INFO - Shutdown signal received (2)
2026-05-27 22:39:40,280 - __main__ - INFO - Database connection pool closed
2026-05-27 22:39:40,284 - __main__ - ERROR - Error closing database pool: connection pool is closed
2026-05-27 22:39:59,738 - __main__ - INFO - [OK] Configuration validation passed
2026-05-27 22:39:59,738 - __main__ - INFO - [OK] Rate limiter initialized
2026-05-27 22:40:00,805 - __main__ - INFO - [OK] PostgreSQL connection pool initialized
2026-05-27 22:40:01,970 - __main__ - INFO - [OK] Database initialized
2026-05-27 22:40:01,971 - __main__ - INFO - Syncing file cache on startup...
2026-05-27 22:40:01,971 - __main__ - INFO - Starting cache sync...
2026-05-27 22:40:02,566 - __main__ - INFO - [OK] Cache sync completed
2026-05-27 22:40:04,419 - __main__ - INFO - [OK] Cloudinary connection verified
2026-05-27 22:40:04,419 - __main__ - INFO - [OK] Cloudinary configured successfully
2026-05-27 22:40:04,419 - __main__ - INFO - ============================================================
2026-05-27 22:40:04,419 - __main__ - INFO - Data Share Application Starting
2026-05-27 22:40:04,419 - __main__ - INFO - ============================================================
2026-05-27 22:40:04,419 - __main__ - INFO - Storage Directory: storage
2026-05-27 22:40:04,419 - __main__ - INFO - Database Backend: PostgreSQL
2026-05-27 22:40:04,419 - __main__ - INFO - Cloudinary: Configured
2026-05-27 22:40:04,419 - __main__ - INFO - Environment: development
2026-05-27 22:40:04,419 - __main__ - INFO - ============================================================
2026-05-27 22:40:04,448 - werkzeug - INFO - [31m[1mWARNING: This is a development server. Do not use it in a production deployment. Use a production WSGI server instead.[0m
 * Running on all addresses (0.0.0.0)
 * Running on http://127.0.0.1:5000
 * Running on http://10.46.249.75:5000
2026-05-27 22:40:04,448 - werkzeug - INFO - [33mPress CTRL+C to quit[0m
2026-05-27 22:40:04,449 - werkzeug - INFO -  * Restarting with stat
2026-05-27 22:40:04,893 - __main__ - INFO - [OK] Configuration validation passed
2026-05-27 22:40:04,893 - __main__ - INFO - [OK] Rate limiter initialized
2026-05-27 22:40:05,806 - __main__ - INFO - [OK] PostgreSQL connection pool initialized
2026-05-27 22:40:07,006 - __main__ - INFO - [OK] Database initialized
2026-05-27 22:40:07,006 - __main__ - INFO - Syncing file cache on startup...
2026-05-27 22:40:07,006 - __main__ - INFO - Starting cache sync...
2026-05-27 22:40:07,727 - __main__ - INFO - [OK] Cache sync completed
2026-05-27 22:40:09,805 - __main__ - INFO - [OK] Cloudinary connection verified
2026-05-27 22:40:09,805 - __main__ - INFO - [OK] Cloudinary configured successfully
2026-05-27 22:40:09,805 - __main__ - INFO - ============================================================
2026-05-27 22:40:09,805 - __main__ - INFO - Data Share Application Starting
2026-05-27 22:40:09,805 - __main__ - INFO - ============================================================
2026-05-27 22:40:09,805 - __main__ - INFO - Storage Directory: storage
2026-05-27 22:40:09,805 - __main__ - INFO - Database Backend: PostgreSQL
2026-05-27 22:40:09,805 - __main__ - INFO - Cloudinary: Configured
2026-05-27 22:40:09,805 - __main__ - INFO - Environment: development
2026-05-27 22:40:09,805 - __main__ - INFO - ============================================================
2026-05-27 22:40:09,829 - werkzeug - WARNING -  * Debugger is active!
2026-05-27 22:40:09,835 - werkzeug - INFO -  * Debugger PIN: 131-439-443
2026-05-27 22:40:13,059 - werkzeug - INFO - 127.0.0.1 - - [27/May/2026 22:40:13] "GET / HTTP/1.1" 200 -
2026-05-27 22:40:13,129 - werkzeug - INFO - 127.0.0.1 - - [27/May/2026 22:40:13] "[36mGET /static/css/fileflow.css HTTP/1.1[0m" 304 -
2026-05-27 22:40:13,135 - werkzeug - INFO - 127.0.0.1 - - [27/May/2026 22:40:13] "[36mGET /static/js/app.js HTTP/1.1[0m" 304 -
2026-05-27 22:40:23,444 - __main__ - INFO - Download from local storage: 2_2026-microsoft-student-ambassador.png
2026-05-27 22:40:23,444 - werkzeug - INFO - 127.0.0.1 - - [27/May/2026 22:40:23] "GET /download/2_2026-microsoft-student-ambassador.png HTTP/1.1" 200 -
2026-05-27 22:40:32,055 - __main__ - INFO - Shutdown signal received (2)
2026-05-27 22:40:32,055 - __main__ - INFO - Database connection pool closed
2026-05-27 22:40:32,058 - __main__ - ERROR - Error closing database pool: connection pool is closed
2026-05-27 22:40:32,122 - __main__ - INFO - Shutdown signal received (2)
2026-05-27 22:40:32,130 - __main__ - INFO - Database connection pool closed
2026-05-27 22:40:32,131 - __main__ - ERROR - Error closing database pool: connection pool is closed
2026-05-27 22:45:15,045 - main - INFO - [OK] Configuration validation passed
2026-05-27 22:45:15,048 - main - INFO - [OK] Rate limiter initialized
2026-05-27 22:46:24,685 - __main__ - INFO - [OK] Configuration validation passed
2026-05-27 22:46:24,686 - __main__ - INFO - [OK] Rate limiter initialized
2026-05-27 22:46:25,632 - __main__ - INFO - [OK] PostgreSQL connection pool initialized
2026-05-27 22:46:26,596 - __main__ - INFO - [OK] Database initialized
2026-05-27 22:46:26,596 - __main__ - INFO - Syncing file cache on startup...
2026-05-27 22:46:26,596 - __main__ - INFO - Starting cache sync...
2026-05-27 22:46:27,170 - __main__ - INFO - [OK] Cache sync completed
2026-05-27 22:46:28,752 - __main__ - INFO - [OK] Cloudinary connection verified
2026-05-27 22:46:28,752 - __main__ - INFO - [OK] Cloudinary configured successfully
2026-05-27 22:46:28,752 - __main__ - INFO - ============================================================
2026-05-27 22:46:28,752 - __main__ - INFO - Data Share Application Starting
2026-05-27 22:46:28,752 - __main__ - INFO - ============================================================
2026-05-27 22:46:28,752 - __main__ - INFO - Storage Directory: storage
2026-05-27 22:46:28,752 - __main__ - INFO - Database Backend: PostgreSQL
2026-05-27 22:46:28,752 - __main__ - INFO - Cloudinary: Configured
2026-05-27 22:46:28,752 - __main__ - INFO - Environment: development
2026-05-27 22:46:28,752 - __main__ - INFO - ============================================================
2026-05-27 22:46:28,774 - werkzeug - INFO - [31m[1mWARNING: This is a development server. Do not use it in a production deployment. Use a production WSGI server instead.[0m
 * Running on all addresses (0.0.0.0)
 * Running on http://127.0.0.1:5000
 * Running on http://10.46.249.75:5000
2026-05-27 22:46:28,774 - werkzeug - INFO - [33mPress CTRL+C to quit[0m
2026-05-27 22:46:28,774 - werkzeug - INFO -  * Restarting with stat
2026-05-27 22:46:29,193 - __main__ - INFO - [OK] Configuration validation passed
2026-05-27 22:46:29,193 - __main__ - INFO - [OK] Rate limiter initialized
2026-05-27 22:46:29,969 - __main__ - INFO - [OK] PostgreSQL connection pool initialized
2026-05-27 22:46:30,874 - __main__ - INFO - [OK] Database initialized
2026-05-27 22:46:30,874 - __main__ - INFO - Syncing file cache on startup...
2026-05-27 22:46:30,874 - __main__ - INFO - Starting cache sync...
2026-05-27 22:46:31,407 - __main__ - INFO - [OK] Cache sync completed
2026-05-27 22:46:33,019 - __main__ - INFO - [OK] Cloudinary connection verified
2026-05-27 22:46:33,019 - __main__ - INFO - [OK] Cloudinary configured successfully
2026-05-27 22:46:33,019 - __main__ - INFO - ============================================================
2026-05-27 22:46:33,019 - __main__ - INFO - Data Share Application Starting
2026-05-27 22:46:33,019 - __main__ - INFO - ============================================================
2026-05-27 22:46:33,019 - __main__ - INFO - Storage Directory: storage
2026-05-27 22:46:33,019 - __main__ - INFO - Database Backend: PostgreSQL
2026-05-27 22:46:33,019 - __main__ - INFO - Cloudinary: Configured
2026-05-27 22:46:33,019 - __main__ - INFO - Environment: development
2026-05-27 22:46:33,019 - __main__ - INFO - ============================================================
2026-05-27 22:46:33,035 - werkzeug - WARNING -  * Debugger is active!
2026-05-27 22:46:33,038 - werkzeug - INFO -  * Debugger PIN: 131-439-443
2026-05-27 22:46:45,768 - werkzeug - INFO - 127.0.0.1 - - [27/May/2026 22:46:45] "GET / HTTP/1.1" 200 -
2026-05-27 22:46:45,841 - werkzeug - INFO - 127.0.0.1 - - [27/May/2026 22:46:45] "[36mGET /static/js/app.js HTTP/1.1[0m" 304 -
2026-05-27 22:46:45,842 - werkzeug - INFO - 127.0.0.1 - - [27/May/2026 22:46:45] "[36mGET /static/css/fileflow.css HTTP/1.1[0m" 304 -
2026-05-27 22:46:57,735 - werkzeug - INFO - 127.0.0.1 - - [27/May/2026 22:46:57] "GET / HTTP/1.1" 200 -
2026-05-27 22:46:57,775 - werkzeug - INFO - 127.0.0.1 - - [27/May/2026 22:46:57] "[36mGET /static/css/fileflow.css HTTP/1.1[0m" 304 -
2026-05-27 22:46:57,811 - werkzeug - INFO - 127.0.0.1 - - [27/May/2026 22:46:57] "[36mGET /static/js/app.js HTTP/1.1[0m" 304 -
2026-05-27 22:47:18,459 - __main__ - INFO - File uploaded to Cloudinary: 3_LevelNew.png
2026-05-27 22:47:18,459 - werkzeug - INFO - 127.0.0.1 - - [27/May/2026 22:47:18] "[32mPOST /upload HTTP/1.1[0m" 302 -
2026-05-27 22:47:18,799 - werkzeug - INFO - 127.0.0.1 - - [27/May/2026 22:47:18] "GET / HTTP/1.1" 200 -
2026-05-27 22:47:18,837 - werkzeug - INFO - 127.0.0.1 - - [27/May/2026 22:47:18] "[36mGET /static/css/fileflow.css HTTP/1.1[0m" 304 -
2026-05-27 22:47:18,838 - werkzeug - INFO - 127.0.0.1 - - [27/May/2026 22:47:18] "[36mGET /static/js/app.js HTTP/1.1[0m" 304 -
2026-05-27 22:56:29,068 - werkzeug - INFO -  * Detected change in 'D:\\Projects\\Data Share\\main.py', reloading
2026-05-27 22:56:29,074 - __main__ - INFO - Database connection pool closed
2026-05-27 22:56:29,123 - werkzeug - INFO -  * Restarting with stat
2026-05-27 22:56:29,602 - __main__ - INFO - [OK] Configuration validation passed
2026-05-27 22:56:29,606 - __main__ - INFO - [OK] Rate limiter initialized
2026-05-27 22:56:29,608 - __main__ - INFO - [OK] Using Cloudinary - local storage will not be created
2026-05-27 22:56:31,394 - __main__ - INFO - [OK] PostgreSQL connection pool initialized
2026-05-27 22:56:33,329 - __main__ - INFO - [OK] Database initialized
2026-05-27 22:56:33,329 - __main__ - INFO - Syncing file cache on startup...
2026-05-27 22:56:33,329 - __main__ - INFO - Starting cache sync...
2026-05-27 22:56:34,597 - __main__ - INFO - Removing 1 deleted files from cache...
2026-05-27 22:56:35,680 - __main__ - INFO - [OK] Cache sync completed
2026-05-27 22:56:38,632 - __main__ - INFO - [OK] Cloudinary connection verified
2026-05-27 22:56:38,632 - __main__ - INFO - [OK] Cloudinary configured successfully
2026-05-27 22:56:38,632 - __main__ - INFO - ============================================================
2026-05-27 22:56:38,632 - __main__ - INFO - Data Share Application Starting
2026-05-27 22:56:38,632 - __main__ - INFO - ============================================================
2026-05-27 22:56:38,632 - __main__ - INFO - Storage Directory: storage
2026-05-27 22:56:38,632 - __main__ - INFO - Database Backend: PostgreSQL
2026-05-27 22:56:38,632 - __main__ - INFO - Cloudinary: Configured
2026-05-27 22:56:38,632 - __main__ - INFO - Environment: development
2026-05-27 22:56:38,632 - __main__ - INFO - ============================================================
2026-05-27 22:56:38,647 - werkzeug - WARNING -  * Debugger is active!
2026-05-27 22:56:38,649 - werkzeug - INFO -  * Debugger PIN: 131-439-443
2026-05-27 22:56:42,751 - werkzeug - INFO -  * Detected change in 'D:\\Projects\\Data Share\\main.py', reloading
2026-05-27 22:56:42,753 - __main__ - INFO - Database connection pool closed
2026-05-27 22:56:42,806 - werkzeug - INFO -  * Restarting with stat
2026-05-27 22:56:43,244 - __main__ - INFO - [OK] Configuration validation passed
2026-05-27 22:56:43,247 - __main__ - INFO - [OK] Rate limiter initialized
2026-05-27 22:56:43,248 - __main__ - INFO - [OK] Using Cloudinary - local storage will not be created
2026-05-27 22:56:45,321 - __main__ - INFO - [OK] PostgreSQL connection pool initialized
2026-05-27 22:56:46,435 - __main__ - INFO - [OK] Database initialized
2026-05-27 22:56:46,436 - __main__ - INFO - Syncing file cache on startup...
2026-05-27 22:56:46,436 - __main__ - INFO - [OK] Cache sync skipped (using Cloudinary)
2026-05-27 22:56:48,188 - __main__ - INFO - [OK] Cloudinary connection verified
2026-05-27 22:56:48,188 - __main__ - INFO - [OK] Cloudinary configured successfully
2026-05-27 22:56:48,188 - __main__ - INFO - ============================================================
2026-05-27 22:56:48,188 - __main__ - INFO - Data Share Application Starting
2026-05-27 22:56:48,189 - __main__ - INFO - ============================================================
2026-05-27 22:56:48,189 - __main__ - INFO - Storage Directory: storage
2026-05-27 22:56:48,189 - __main__ - INFO - Database Backend: PostgreSQL
2026-05-27 22:56:48,189 - __main__ - INFO - Cloudinary: Configured
2026-05-27 22:56:48,189 - __main__ - INFO - Environment: development
2026-05-27 22:56:48,189 - __main__ - INFO - ============================================================
2026-05-27 22:56:48,202 - werkzeug - WARNING -  * Debugger is active!
2026-05-27 22:56:48,207 - werkzeug - INFO -  * Debugger PIN: 131-439-443
2026-05-27 22:56:49,253 - werkzeug - INFO -  * Detected change in 'D:\\Projects\\Data Share\\main.py', reloading
2026-05-27 22:56:49,259 - __main__ - INFO - Database connection pool closed
2026-05-27 22:56:49,313 - werkzeug - INFO -  * Restarting with stat
2026-05-27 22:56:49,723 - __main__ - INFO - [OK] Configuration validation passed
2026-05-27 22:56:49,726 - __main__ - INFO - [OK] Rate limiter initialized
2026-05-27 22:56:49,729 - __main__ - INFO - [OK] Using Cloudinary - local storage will not be created
2026-05-27 22:56:51,510 - __main__ - INFO - [OK] PostgreSQL connection pool initialized
2026-05-27 22:56:52,502 - __main__ - INFO - [OK] Database initialized
2026-05-27 22:56:54,126 - __main__ - INFO - [OK] Cloudinary connection verified
2026-05-27 22:56:54,126 - __main__ - INFO - [OK] Cloudinary configured successfully
2026-05-27 22:56:54,126 - __main__ - INFO - Syncing file cache on startup...
2026-05-27 22:56:54,126 - __main__ - INFO - [OK] Cache sync skipped (using Cloudinary)
2026-05-27 22:56:54,126 - __main__ - INFO - ============================================================
2026-05-27 22:56:54,126 - __main__ - INFO - Data Share Application Starting
2026-05-27 22:56:54,126 - __main__ - INFO - ============================================================
2026-05-27 22:56:54,126 - __main__ - INFO - Storage Directory: storage
2026-05-27 22:56:54,126 - __main__ - INFO - Database Backend: PostgreSQL
2026-05-27 22:56:54,126 - __main__ - INFO - Cloudinary: Configured
2026-05-27 22:56:54,126 - __main__ - INFO - Environment: development
2026-05-27 22:56:54,127 - __main__ - INFO - ============================================================
2026-05-27 22:56:54,140 - werkzeug - WARNING -  * Debugger is active!
2026-05-27 22:56:54,142 - werkzeug - INFO -  * Debugger PIN: 131-439-443
2026-05-27 22:56:59,916 - __main__ - INFO - [OK] Configuration validation passed
2026-05-27 22:56:59,920 - __main__ - INFO - [OK] Rate limiter initialized
2026-05-27 22:56:59,922 - __main__ - INFO - [OK] Using Cloudinary - local storage will not be created
2026-05-27 22:56:59,922 - __main__ - WARNING - [WARNING] DATABASE_URL set but psycopg2 not installed - using SQLite
2026-05-27 22:56:59,922 - __main__ - INFO - [OK] Using SQLite for metadata
2026-05-27 22:56:59,963 - __main__ - INFO - [OK] Database initialized
2026-05-27 22:57:01,974 - __main__ - INFO - [OK] Cloudinary connection verified
2026-05-27 22:57:01,974 - __main__ - INFO - [OK] Cloudinary configured successfully
2026-05-27 22:57:01,974 - __main__ - INFO - Syncing file cache on startup...
2026-05-27 22:57:01,974 - __main__ - INFO - [OK] Cache sync skipped (using Cloudinary)
2026-05-27 22:57:01,974 - __main__ - INFO - ============================================================
2026-05-27 22:57:01,974 - __main__ - INFO - Data Share Application Starting
2026-05-27 22:57:01,974 - __main__ - INFO - ============================================================
2026-05-27 22:57:01,974 - __main__ - INFO - Storage Directory: storage
2026-05-27 22:57:01,974 - __main__ - INFO - Database Backend: SQLite
2026-05-27 22:57:01,974 - __main__ - INFO - Cloudinary: Configured
2026-05-27 22:57:01,974 - __main__ - INFO - Environment: development
2026-05-27 22:57:01,974 - __main__ - INFO - ============================================================
2026-05-27 22:57:01,995 - werkzeug - INFO - [31m[1mWARNING: This is a development server. Do not use it in a production deployment. Use a production WSGI server instead.[0m
 * Running on all addresses (0.0.0.0)
 * Running on http://127.0.0.1:5000
 * Running on http://10.46.249.75:5000
2026-05-27 22:57:01,995 - werkzeug - INFO - [33mPress CTRL+C to quit[0m
2026-05-27 22:57:01,999 - werkzeug - INFO -  * Restarting with stat
2026-05-27 22:57:02,412 - __main__ - INFO - [OK] Configuration validation passed
2026-05-27 22:57:02,416 - __main__ - INFO - [OK] Rate limiter initialized
2026-05-27 22:57:02,417 - __main__ - INFO - [OK] Using Cloudinary - local storage will not be created
2026-05-27 22:57:02,417 - __main__ - WARNING - [WARNING] DATABASE_URL set but psycopg2 not installed - using SQLite
2026-05-27 22:57:02,417 - __main__ - INFO - [OK] Using SQLite for metadata
2026-05-27 22:57:02,417 - __main__ - INFO - [OK] Database initialized
2026-05-27 22:57:04,412 - __main__ - INFO - [OK] Cloudinary connection verified
2026-05-27 22:57:04,412 - __main__ - INFO - [OK] Cloudinary configured successfully
2026-05-27 22:57:04,412 - __main__ - INFO - Syncing file cache on startup...
2026-05-27 22:57:04,412 - __main__ - INFO - [OK] Cache sync skipped (using Cloudinary)
2026-05-27 22:57:04,412 - __main__ - INFO - ============================================================
2026-05-27 22:57:04,412 - __main__ - INFO - Data Share Application Starting
2026-05-27 22:57:04,412 - __main__ - INFO - ============================================================
2026-05-27 22:57:04,412 - __main__ - INFO - Storage Directory: storage
2026-05-27 22:57:04,412 - __main__ - INFO - Database Backend: SQLite
2026-05-27 22:57:04,412 - __main__ - INFO - Cloudinary: Configured
2026-05-27 22:57:04,412 - __main__ - INFO - Environment: development
2026-05-27 22:57:04,412 - __main__ - INFO - ============================================================
2026-05-27 22:57:04,429 - werkzeug - WARNING -  * Debugger is active!
2026-05-27 22:57:04,433 - werkzeug - INFO -  * Debugger PIN: 121-354-742
2026-05-27 22:58:12,548 - werkzeug - INFO -  * Detected change in 'D:\\Projects\\Data Share\\main.py', reloading
2026-05-27 22:58:12,555 - __main__ - INFO - Database connection pool closed
2026-05-27 22:58:12,656 - werkzeug - INFO -  * Restarting with stat
2026-05-27 22:58:13,215 - __main__ - INFO - [OK] Configuration validation passed
2026-05-27 22:58:13,215 - __main__ - INFO - [OK] Rate limiter initialized
2026-05-27 22:58:13,215 - __main__ - INFO - [OK] Using Cloudinary - local storage will not be created
2026-05-27 22:58:14,098 - __main__ - INFO - [OK] PostgreSQL connection pool initialized
2026-05-27 22:58:14,751 - __main__ - INFO - Shutdown signal received (2)
2026-05-27 22:58:14,751 - __main__ - INFO - Database connection pool closed
2026-05-27 22:58:14,751 - __main__ - ERROR - Database initialization failed: connection pool is closed
2026-05-27 22:58:14,751 - __main__ - CRITICAL - Failed to start application: connection pool is closed
2026-05-27 22:58:14,751 - __main__ - ERROR - Error closing database pool: connection pool is closed
2026-05-27 22:58:14,868 - __main__ - INFO - Shutdown signal received (2)
2026-05-27 22:58:14,868 - __main__ - INFO - Database connection pool closed
2026-05-27 22:58:14,868 - __main__ - ERROR - Error closing database pool: connection pool is closed
2026-05-27 22:58:17,510 - __main__ - INFO - [OK] Configuration validation passed
2026-05-27 22:58:17,512 - __main__ - INFO - [OK] Rate limiter initialized
2026-05-27 22:58:17,514 - __main__ - INFO - [OK] Using Cloudinary - local storage will not be created
2026-05-27 22:58:18,593 - __main__ - INFO - [OK] PostgreSQL connection pool initialized
2026-05-27 22:58:19,687 - __main__ - INFO - [OK] Database initialized
2026-05-27 22:58:21,643 - __main__ - INFO - [OK] Cloudinary connection verified
2026-05-27 22:58:21,643 - __main__ - INFO - [OK] Cloudinary configured successfully
2026-05-27 22:58:21,643 - __main__ - INFO - Syncing file cache on startup...
2026-05-27 22:58:21,643 - __main__ - INFO - [OK] Cache sync skipped (using Cloudinary)
2026-05-27 22:58:21,643 - __main__ - INFO - ============================================================
2026-05-27 22:58:21,643 - __main__ - INFO - Data Share Application Starting
2026-05-27 22:58:21,643 - __main__ - INFO - ============================================================
2026-05-27 22:58:21,643 - __main__ - INFO - Storage Directory: storage
2026-05-27 22:58:21,643 - __main__ - INFO - Database Backend: PostgreSQL
2026-05-27 22:58:21,643 - __main__ - INFO - Cloudinary: Configured
2026-05-27 22:58:21,643 - __main__ - INFO - Environment: development
2026-05-27 22:58:21,643 - __main__ - INFO - ============================================================
2026-05-27 22:58:21,664 - werkzeug - INFO - [31m[1mWARNING: This is a development server. Do not use it in a production deployment. Use a production WSGI server instead.[0m
 * Running on all addresses (0.0.0.0)
 * Running on http://127.0.0.1:5000
 * Running on http://10.46.249.75:5000
2026-05-27 22:58:21,664 - werkzeug - INFO - [33mPress CTRL+C to quit[0m
2026-05-27 22:58:21,666 - werkzeug - INFO -  * Restarting with stat
2026-05-27 22:58:22,103 - __main__ - INFO - [OK] Configuration validation passed
2026-05-27 22:58:22,103 - __main__ - INFO - [OK] Rate limiter initialized
2026-05-27 22:58:22,108 - __main__ - INFO - [OK] Using Cloudinary - local storage will not be created
2026-05-27 22:58:22,982 - __main__ - INFO - [OK] PostgreSQL connection pool initialized
2026-05-27 22:58:23,972 - __main__ - INFO - [OK] Database initialized
2026-05-27 22:58:25,832 - __main__ - INFO - [OK] Cloudinary connection verified
2026-05-27 22:58:25,833 - __main__ - INFO - [OK] Cloudinary configured successfully
2026-05-27 22:58:25,833 - __main__ - INFO - Syncing file cache on startup...
2026-05-27 22:58:25,833 - __main__ - INFO - [OK] Cache sync skipped (using Cloudinary)
2026-05-27 22:58:25,833 - __main__ - INFO - ============================================================
2026-05-27 22:58:25,833 - __main__ - INFO - Data Share Application Starting
2026-05-27 22:58:25,833 - __main__ - INFO - ============================================================
2026-05-27 22:58:25,834 - __main__ - INFO - Storage Directory: storage
2026-05-27 22:58:25,834 - __main__ - INFO - Database Backend: PostgreSQL
2026-05-27 22:58:25,834 - __main__ - INFO - Cloudinary: Configured
2026-05-27 22:58:25,834 - __main__ - INFO - Environment: development
2026-05-27 22:58:25,834 - __main__ - INFO - ============================================================
2026-05-27 22:58:25,848 - werkzeug - WARNING -  * Debugger is active!
2026-05-27 22:58:25,853 - werkzeug - INFO -  * Debugger PIN: 131-439-443
2026-05-27 22:58:33,571 - werkzeug - INFO - 127.0.0.1 - - [27/May/2026 22:58:33] "GET / HTTP/1.1" 200 -
2026-05-27 22:58:33,705 - werkzeug - INFO - 127.0.0.1 - - [27/May/2026 22:58:33] "[36mGET /static/js/app.js HTTP/1.1[0m" 304 -
2026-05-27 22:58:33,715 - werkzeug - INFO - 127.0.0.1 - - [27/May/2026 22:58:33] "[36mGET /static/css/fileflow.css HTTP/1.1[0m" 304 -
2026-05-27 22:59:36,633 - __main__ - INFO - Shutdown signal received (2)
2026-05-27 22:59:36,633 - __main__ - INFO - Database connection pool closed
2026-05-27 22:59:36,636 - __main__ - ERROR - Error closing database pool: connection pool is closed
2026-05-27 22:59:36,748 - __main__ - INFO - Shutdown signal received (2)
2026-05-27 22:59:36,756 - __main__ - INFO - Database connection pool closed
2026-05-27 22:59:36,759 - __main__ - ERROR - Error closing database pool: connection pool is closed
2026-05-27 22:59:52,635 - __main__ - INFO - [OK] Configuration validation passed
2026-05-27 22:59:52,639 - __main__ - INFO - [OK] Rate limiter initialized
2026-05-27 22:59:52,639 - __main__ - INFO - [OK] Using Cloudinary - local storage will not be created
2026-05-27 22:59:53,679 - __main__ - INFO - [OK] PostgreSQL connection pool initialized
2026-05-27 22:59:54,654 - __main__ - INFO - [OK] Database initialized
2026-05-27 22:59:56,459 - __main__ - INFO - [OK] Cloudinary connection verified
2026-05-27 22:59:56,459 - __main__ - INFO - [OK] Cloudinary configured successfully
2026-05-27 22:59:56,461 - __main__ - INFO - Syncing file cache on startup...
2026-05-27 22:59:56,461 - __main__ - INFO - [OK] Cache sync skipped (using Cloudinary)
2026-05-27 22:59:56,461 - __main__ - INFO - ============================================================
2026-05-27 22:59:56,461 - __main__ - INFO - Data Share Application Starting
2026-05-27 22:59:56,461 - __main__ - INFO - ============================================================
2026-05-27 22:59:56,461 - __main__ - INFO - Storage Directory: storage
2026-05-27 22:59:56,461 - __main__ - INFO - Database Backend: PostgreSQL
2026-05-27 22:59:56,461 - __main__ - INFO - Cloudinary: Configured
2026-05-27 22:59:56,461 - __main__ - INFO - Environment: development
2026-05-27 22:59:56,462 - __main__ - INFO - ============================================================
2026-05-27 22:59:56,480 - werkzeug - INFO - [31m[1mWARNING: This is a development server. Do not use it in a production deployment. Use a production WSGI server instead.[0m
 * Running on all addresses (0.0.0.0)
 * Running on http://127.0.0.1:5000
 * Running on http://10.46.249.75:5000
2026-05-27 22:59:56,480 - werkzeug - INFO - [33mPress CTRL+C to quit[0m
2026-05-27 22:59:56,480 - werkzeug - INFO -  * Restarting with stat
2026-05-27 22:59:56,948 - __main__ - INFO - [OK] Configuration validation passed
2026-05-27 22:59:56,948 - __main__ - INFO - [OK] Rate limiter initialized
2026-05-27 22:59:56,948 - __main__ - INFO - [OK] Using Cloudinary - local storage will not be created
2026-05-27 22:59:57,780 - __main__ - INFO - [OK] PostgreSQL connection pool initialized
2026-05-27 22:59:58,954 - __main__ - INFO - [OK] Database initialized
2026-05-27 23:00:00,835 - __main__ - INFO - [OK] Cloudinary connection verified
2026-05-27 23:00:00,835 - __main__ - INFO - [OK] Cloudinary configured successfully
2026-05-27 23:00:00,835 - __main__ - INFO - Syncing file cache on startup...
2026-05-27 23:00:00,835 - __main__ - INFO - [OK] Cache sync skipped (using Cloudinary)
2026-05-27 23:00:00,835 - __main__ - INFO - ============================================================
2026-05-27 23:00:00,835 - __main__ - INFO - Data Share Application Starting
2026-05-27 23:00:00,835 - __main__ - INFO - ============================================================
2026-05-27 23:00:00,835 - __main__ - INFO - Storage Directory: storage
2026-05-27 23:00:00,835 - __main__ - INFO - Database Backend: PostgreSQL
2026-05-27 23:00:00,835 - __main__ - INFO - Cloudinary: Configured
2026-05-27 23:00:00,835 - __main__ - INFO - Environment: development
2026-05-27 23:00:00,835 - __main__ - INFO - ============================================================
2026-05-27 23:00:00,859 - werkzeug - WARNING -  * Debugger is active!
2026-05-27 23:00:00,864 - werkzeug - INFO -  * Debugger PIN: 131-439-443
2026-05-27 23:00:07,607 - werkzeug - INFO - 127.0.0.1 - - [27/May/2026 23:00:07] "GET / HTTP/1.1" 200 -
2026-05-27 23:00:07,724 - werkzeug - INFO - 127.0.0.1 - - [27/May/2026 23:00:07] "[36mGET /static/css/fileflow.css HTTP/1.1[0m" 304 -
2026-05-27 23:00:07,730 - werkzeug - INFO - 127.0.0.1 - - [27/May/2026 23:00:07] "[36mGET /static/js/app.js HTTP/1.1[0m" 304 -
2026-05-27 23:00:32,398 - __main__ - INFO - File uploaded to Cloudinary: 3_LevelNew.png
2026-05-27 23:00:32,403 - werkzeug - INFO - 127.0.0.1 - - [27/May/2026 23:00:32] "[32mPOST /upload HTTP/1.1[0m" 302 -
2026-05-27 23:00:32,745 - werkzeug - INFO - 127.0.0.1 - - [27/May/2026 23:00:32] "GET / HTTP/1.1" 200 -
2026-05-27 23:00:32,767 - werkzeug - INFO - 127.0.0.1 - - [27/May/2026 23:00:32] "[36mGET /static/css/fileflow.css HTTP/1.1[0m" 304 -
2026-05-27 23:00:32,769 - werkzeug - INFO - 127.0.0.1 - - [27/May/2026 23:00:32] "[36mGET /static/js/app.js HTTP/1.1[0m" 304 -
2026-05-27 23:00:42,555 - __main__ - INFO - Shutdown signal received (2)
2026-05-27 23:00:42,557 - __main__ - INFO - Database connection pool closed
2026-05-27 23:00:42,563 - __main__ - ERROR - Error closing database pool: connection pool is closed
2026-05-27 23:00:42,689 - __main__ - INFO - Shutdown signal received (2)
2026-05-27 23:00:42,691 - __main__ - INFO - Database connection pool closed
2026-05-27 23:00:42,692 - __main__ - ERROR - Error closing database pool: connection pool is closed
2026-05-27 23:00:46,945 - __main__ - INFO - [OK] Configuration validation passed
2026-05-27 23:00:46,945 - __main__ - INFO - [OK] Rate limiter initialized
2026-05-27 23:00:46,945 - __main__ - INFO - [OK] Using Cloudinary - local storage will not be created
2026-05-27 23:00:48,035 - __main__ - INFO - [OK] PostgreSQL connection pool initialized
2026-05-27 23:00:48,951 - __main__ - INFO - [OK] Database initialized
2026-05-27 23:00:50,827 - __main__ - INFO - [OK] Cloudinary connection verified
2026-05-27 23:00:50,827 - __main__ - INFO - [OK] Cloudinary configured successfully
2026-05-27 23:00:50,827 - __main__ - INFO - Syncing file cache on startup...
2026-05-27 23:00:50,827 - __main__ - INFO - [OK] Cache sync skipped (using Cloudinary)
2026-05-27 23:00:50,827 - __main__ - INFO - ============================================================
2026-05-27 23:00:50,827 - __main__ - INFO - Data Share Application Starting
2026-05-27 23:00:50,827 - __main__ - INFO - ============================================================
2026-05-27 23:00:50,827 - __main__ - INFO - Storage Directory: storage
2026-05-27 23:00:50,827 - __main__ - INFO - Database Backend: PostgreSQL
2026-05-27 23:00:50,827 - __main__ - INFO - Cloudinary: Configured
2026-05-27 23:00:50,827 - __main__ - INFO - Environment: development
2026-05-27 23:00:50,827 - __main__ - INFO - ============================================================
2026-05-27 23:00:50,860 - werkzeug - INFO - [31m[1mWARNING: This is a development server. Do not use it in a production deployment. Use a production WSGI server instead.[0m
 * Running on all addresses (0.0.0.0)
 * Running on http://127.0.0.1:5000
 * Running on http://10.46.249.75:5000
2026-05-27 23:00:50,860 - werkzeug - INFO - [33mPress CTRL+C to quit[0m
2026-05-27 23:00:50,860 - werkzeug - INFO -  * Restarting with stat
2026-05-27 23:00:51,356 - __main__ - INFO - [OK] Configuration validation passed
2026-05-27 23:00:51,359 - __main__ - INFO - [OK] Rate limiter initialized
2026-05-27 23:00:51,361 - __main__ - INFO - [OK] Using Cloudinary - local storage will not be created
2026-05-27 23:00:52,145 - __main__ - INFO - [OK] PostgreSQL connection pool initialized
2026-05-27 23:00:53,146 - __main__ - INFO - [OK] Database initialized
2026-05-27 23:00:54,841 - __main__ - INFO - [OK] Cloudinary connection verified
2026-05-27 23:00:54,841 - __main__ - INFO - [OK] Cloudinary configured successfully
2026-05-27 23:00:54,841 - __main__ - INFO - Syncing file cache on startup...
2026-05-27 23:00:54,841 - __main__ - INFO - [OK] Cache sync skipped (using Cloudinary)
2026-05-27 23:00:54,841 - __main__ - INFO - ============================================================
2026-05-27 23:00:54,841 - __main__ - INFO - Data Share Application Starting
2026-05-27 23:00:54,841 - __main__ - INFO - ============================================================
2026-05-27 23:00:54,841 - __main__ - INFO - Storage Directory: storage
2026-05-27 23:00:54,841 - __main__ - INFO - Database Backend: PostgreSQL
2026-05-27 23:00:54,841 - __main__ - INFO - Cloudinary: Configured
2026-05-27 23:00:54,841 - __main__ - INFO - Environment: development
2026-05-27 23:00:54,841 - __main__ - INFO - ============================================================
2026-05-27 23:00:54,864 - werkzeug - WARNING -  * Debugger is active!
2026-05-27 23:00:54,864 - werkzeug - INFO -  * Debugger PIN: 131-439-443
2026-05-27 23:00:55,231 - werkzeug - INFO - 127.0.0.1 - - [27/May/2026 23:00:55] "GET / HTTP/1.1" 200 -
2026-05-27 23:00:55,350 - werkzeug - INFO - 127.0.0.1 - - [27/May/2026 23:00:55] "[36mGET /static/js/app.js HTTP/1.1[0m" 304 -
2026-05-27 23:00:55,352 - werkzeug - INFO - 127.0.0.1 - - [27/May/2026 23:00:55] "[36mGET /static/css/fileflow.css HTTP/1.1[0m" 304 -
